model ultra-tiny-1m: 0.977M params on cuda
  [pretrain] step    0/200  loss 5.547  loss_tokens 8,192
  [pretrain] step   25/200  loss 3.513  loss_tokens 212,992
  [pretrain] step   50/200  loss 3.471  loss_tokens 417,792
  [pretrain] step   75/200  loss 3.439  loss_tokens 622,592
  [pretrain] step  100/200  loss 3.274  loss_tokens 827,392
  [pretrain] step  125/200  loss 3.066  loss_tokens 1,032,192
  [pretrain] step  150/200  loss 2.821  loss_tokens 1,236,992
  [pretrain] step  175/200  loss 2.699  loss_tokens 1,441,792
  [pretrain] step  199/200  loss 2.731  loss_tokens 1,638,400

=== Round 1: overall=14.4%  (trained with 10000 single-turn + 160 episodes) ===
  weakest: weather=0%, planner=0%, play_music=0%, get_news=0%, write_file=0%
  multi-turn: step_acc=13% episode_acc=8% (101 steps)
  -> next round oversamples: weatherx2.4, plannerx4.0, play_musicx4.0, get_newsx4.0, write_filex4.8
  (saved best model: score=21.4, overall=14.4% mt_step=13%)

=== Round 2: overall=22.1%  (trained with 10000 single-turn + 160 episodes) ===
  weakest: planner=0%, define=0%, play_music=0%, get_news=0%, write_file=0%
  multi-turn: step_acc=12% episode_acc=2% (103 steps)
  -> next round oversamples: plannerx4.0, definex4.0, play_musicx4.0, get_newsx4.0, write_filex4.8
  (saved best model: score=25.5, overall=22.1% mt_step=12%)

=== Round 3: overall=22.7%  (trained with 10000 single-turn + 160 episodes) ===
  weakest: planner=0%, get_news=0%, write_file=0%, grep_search=0%, run_command=0%
  multi-turn: step_acc=31% episode_acc=8% (100 steps)
  -> next round oversamples: plannerx4.0, get_newsx4.0, write_filex4.8, grep_searchx4.0, run_commandx4.8
  (saved best model: score=35.1, overall=22.7% mt_step=31%)

=== Round 4: overall=29.9%  (trained with 10000 single-turn + 160 episodes) ===
  weakest: planner=0%, write_file=0%, git_commit=0%, slack_send=0%, screenshot=0%
  multi-turn: step_acc=30% episode_acc=10% (107 steps)
  -> next round oversamples: plannerx4.0, write_filex4.8, git_commitx4.8, slack_sendx5.6, screenshotx4.4
  (saved best model: score=45.1, overall=29.9% mt_step=30%)

=== Round 5: overall=32.9%  (trained with 10000 single-turn + 160 episodes) ===
  weakest: planner=0%, write_file=0%, run_tests=0%, set_reminder=0%, scroll=0%
  multi-turn: step_acc=26% episode_acc=8% (115 steps)
  -> next round oversamples: plannerx4.0, write_filex4.8, run_testsx4.0, set_reminderx4.8, scrollx4.8
  (saved best model: score=50.1, overall=32.9% mt_step=26%)

Done. overall by round: [14, 22, 23, 30, 33]  mt_step by round: [13, 12, 31, 30, 26]  (best score=50.1 saved to runs/analyze_ultra-tiny-1m/model.pt)
